
ff: parsing domain file
domain 'WORLDSENDANDBEYOND' defined
 ... done.
ff: parsing problem file
problem 'AUTOGEN' defined
 ... done.


metric established (normalized to minimize): ((1.00*[RF0](TOTALCOST)) - () + 0.00)

checking for cyclic := effects --- OK.

ff: search configuration is  best-first on 1*g(s) + 5*h(s) where
    metric is ((1.00*[RF0](TOTALCOST)) - () + 0.00)

advancing to distance:   20
                         19
                         18
                         17
                         16
                         15
                         14
                         13
                         12
                         11
                         10
                          9
                          8
                          7
                          6
                          5
                          4
                          3
                          2
                          1
                          0

ff: found legal plan as follows

step    0: FLYANDSTAY ORIGIN CITYF HOTELF_B
        1: INCREASESTAY CITYF HOTELF_B
        2: INCREASESTAY CITYF HOTELF_B
        3: FLYANDSTAY CITYF CITYE HOTELE_B
        4: FLYANDSTAY CITYE CITYC HOTELC_B
        5: FLYANDSTAY CITYC CITYG HOTELG_B
        6: INCREASESTAY CITYC HOTELC_B
        7: INCREASESTAY CITYG HOTELG_B
        8: INCREASESTAY CITYE HOTELE_B
        9: INCREASESTAY CITYE HOTELE_B
       10: INCREASESTAY CITYG HOTELG_B
       11: INCREASESTAY CITYC HOTELC_B
       12: FLYANDSTAY CITYG CITYH HOTELH_C
       13: FLYANDSTAY CITYH CITYA HOTELA_B
       14: FLYANDSTAY CITYA CITYB HOTELB_B
       15: INCREASESTAY CITYA HOTELA_B
       16: FLYANDSTAY CITYB CITYI HOTELI_A
       17: INCREASESTAY CITYA HOTELA_B
       18: FLYANDSTAY CITYI CITYD HOTELD_B
       19: FLYANDSTAY CITYD CITYJ HOTELJ_B
     

time spent:    0.00 seconds instantiating 150 easy, 0 hard action templates
               0.00 seconds reachability analysis, yielding 62 facts and 150 actions
               0.00 seconds creating final representation with 61 relevant facts, 25 relevant fluents
               0.00 seconds computing LNF
               0.00 seconds building connectivity graph
               0.18 seconds searching, evaluating 7386 states, to a max depth of 0
               0.18 seconds total time

