
ff: parsing domain file
domain 'WORLDSENDANDBEYOND' defined
 ... done.
ff: parsing problem file
problem 'AUTOGEN' defined
 ... done.


no metric specified. plan length assumed.

checking for cyclic := effects --- OK.

ff: search configuration is  best-first on 1*g(s) + 5*h(s) where
    metric is  plan length

advancing to distance:   12
                         11
                         10
                          9
                          8
                          7
                          6
                          5
                          4
                          3
                          2
                          1
                          0

ff: found legal plan as follows

step    0: FLYANDSTAY ORIGIN CITYO HOTELO_A
        1: FLYANDSTAY CITYO CITYM HOTELM_A
        2: FLYANDSTAY CITYM CITYL HOTELL_A
        3: FLYANDSTAY CITYL CITYK HOTELK_A
        4: FLYANDSTAY CITYK CITYD HOTELD_A
        5: FLYANDSTAY CITYD CITYJ HOTELJ_A
        6: FLYANDSTAY CITYJ CITYI HOTELI_A
        7: FLYANDSTAY CITYI CITYC HOTELC_A
        8: FLYANDSTAY CITYC CITYA HOTELA_A
        9: FLYANDSTAY CITYA CITYN HOTELN_A
       10: FLYANDSTAY CITYN CITYB HOTELB_A
       11: FLYANDSTAY CITYB CITYF HOTELF_A
     

time spent:    0.00 seconds instantiating 180 easy, 0 hard action templates
               0.00 seconds reachability analysis, yielding 47 facts and 180 actions
               0.00 seconds creating final representation with 46 relevant facts, 1 relevant fluents
               0.00 seconds computing LNF
               0.00 seconds building connectivity graph
               0.00 seconds searching, evaluating 38 states, to a max depth of 0
               0.00 seconds total time

