
ff: parsing domain file
domain 'WORLDSENDANDBEYOND' defined
 ... done.
ff: parsing problem file
problem 'AUTOGEN' defined
 ... done.


no metric specified. plan length assumed.

checking for cyclic := effects --- OK.

ff: search configuration is  best-first on 1*g(s) + 5*h(s) where
    metric is  plan length

advancing to distance:    6
                          5
                          4
                          3
                          2
                          1
                          0

ff: found legal plan as follows

step    0: FLYANDSTAY ORIGIN CITYL HOTELL_A
        1: FLYANDSTAY CITYL CITYJ HOTELJ_A
        2: FLYANDSTAY CITYJ CITYG HOTELG_A
        3: FLYANDSTAY CITYG CITYK HOTELK_A
        4: FLYANDSTAY CITYK CITYH HOTELH_A
        5: FLYANDSTAY CITYH CITYI HOTELI_A
     

time spent:    0.00 seconds instantiating 120 easy, 0 hard action templates
               0.00 seconds reachability analysis, yielding 38 facts and 120 actions
               0.00 seconds creating final representation with 37 relevant facts, 1 relevant fluents
               0.00 seconds computing LNF
               0.00 seconds building connectivity graph
               0.00 seconds searching, evaluating 30 states, to a max depth of 0
               0.00 seconds total time

