
ff: parsing domain file
domain 'WORLDSENDANDBEYOND' defined
 ... done.
ff: parsing problem file
problem 'AUTOGEN' defined
 ... done.


metric established (normalized to minimize): ((1.00*[RF0](TOTALCOST)) - () + 0.00)

checking for cyclic := effects --- OK.

ff: search configuration is  best-first on 1*g(s) + 5*h(s) where
    metric is ((1.00*[RF0](TOTALCOST)) - () + 0.00)

advancing to distance:    7
                          6
                          5
                          4
                          3
                          2
                          1
                          0

ff: found legal plan as follows

step    0: FLYANDSTAY ORIGIN CITYB HOTELB_B
        1: FLYANDSTAY CITYB CITYE HOTELE_B
        2: FLYANDSTAY CITYE CITYD HOTELD_A
        3: FLYANDSTAY CITYD CITYG HOTELG_A
        4: FLYANDSTAY CITYG CITYA HOTELA_C
        5: FLYANDSTAY CITYA CITYF HOTELF_C
        6: FLYANDSTAY CITYF CITYH HOTELH_B
     

time spent:    0.00 seconds instantiating 135 easy, 0 hard action templates
               0.00 seconds reachability analysis, yielding 56 facts and 135 actions
               0.00 seconds creating final representation with 55 relevant facts, 23 relevant fluents
               0.00 seconds computing LNF
               0.00 seconds building connectivity graph
               0.00 seconds searching, evaluating 88 states, to a max depth of 0
               0.00 seconds total time

