
ff: parsing domain file
domain 'WORLDSENDANDBEYOND' defined
 ... done.
ff: parsing problem file
problem 'AUTOGEN' defined
 ... done.


no metric specified. plan length assumed.

checking for cyclic := effects --- OK.

ff: search configuration is  best-first on 1*g(s) + 5*h(s) where
    metric is  plan length

advancing to distance:   20
                         19
                         18
                         17
                         16
                         15
                         14
                         13
                         12
                         11
                         10
                          9
                          8
                          7
                          6
                          5
                          4
                          3
                          2
                          1
                          0

ff: found legal plan as follows

step    0: FLYANDSTAY ORIGIN CITYL HOTELL_A
        1: INCREASESTAY CITYL
        2: FLYANDSTAY CITYL CITYI HOTELI_A
        3: INCREASESTAY CITYI
        4: FLYANDSTAY CITYI CITYD HOTELD_A
        5: INCREASESTAY CITYD
        6: FLYANDSTAY CITYD CITYH HOTELH_A
        7: INCREASESTAY CITYH
        8: FLYANDSTAY CITYH CITYG HOTELG_A
        9: INCREASESTAY CITYG
       10: FLYANDSTAY CITYG CITYF HOTELF_A
       11: INCREASESTAY CITYF
       12: FLYANDSTAY CITYF CITYC HOTELC_A
       13: INCREASESTAY CITYC
       14: FLYANDSTAY CITYC CITYA HOTELA_A
       15: INCREASESTAY CITYA
       16: FLYANDSTAY CITYA CITYB HOTELB_A
       17: INCREASESTAY CITYB
       18: FLYANDSTAY CITYB CITYJ HOTELJ_A
       19: INCREASESTAY CITYJ
     

time spent:    0.00 seconds instantiating 133 easy, 0 hard action templates
               0.00 seconds reachability analysis, yielding 38 facts and 132 actions
               0.00 seconds creating final representation with 37 relevant facts, 27 relevant fluents
               0.00 seconds computing LNF
               0.00 seconds building connectivity graph
               0.00 seconds searching, evaluating 79 states, to a max depth of 0
               0.00 seconds total time

